     0,                  Time [s],               $Time\ [s]$
     1,                   a Bus 1,          $\theta\ Bus\ 1$
     2,                   a Bus 2,          $\theta\ Bus\ 2$
     3,                   a Bus 3,          $\theta\ Bus\ 3$
     4,                   a Bus 4,          $\theta\ Bus\ 4$
     5,                   a Bus 5,          $\theta\ Bus\ 5$
     6,                   a Bus 6,          $\theta\ Bus\ 6$
     7,                   a Bus 7,          $\theta\ Bus\ 7$
     8,                   a Bus 8,          $\theta\ Bus\ 8$
     9,                   a Bus 9,          $\theta\ Bus\ 9$
    10,                  a Bus 10,         $\theta\ Bus\ 10$
    11,                  a Bus 11,         $\theta\ Bus\ 11$
    12,                  a Bus 12,         $\theta\ Bus\ 12$
    13,                  a Bus 13,         $\theta\ Bus\ 13$
    14,                  a Bus 14,         $\theta\ Bus\ 14$
    15,                   v Bus 1,               $V\ Bus\ 1$
    16,                   v Bus 2,               $V\ Bus\ 2$
    17,                   v Bus 3,               $V\ Bus\ 3$
    18,                   v Bus 4,               $V\ Bus\ 4$
    19,                   v Bus 5,               $V\ Bus\ 5$
    20,                   v Bus 6,               $V\ Bus\ 6$
    21,                   v Bus 7,               $V\ Bus\ 7$
    22,                   v Bus 8,               $V\ Bus\ 8$
    23,                   v Bus 9,               $V\ Bus\ 9$
    24,                  v Bus 10,              $V\ Bus\ 10$
    25,                  v Bus 11,              $V\ Bus\ 11$
    26,                  v Bus 12,              $V\ Bus\ 12$
    27,                  v Bus 13,              $V\ Bus\ 13$
    28,                  v Bus 14,              $V\ Bus\ 14$
    29,                Q PV Bus 2,           $Q\ PV\ Bus\ 2$
    30,                Q PV Bus 3,           $Q\ PV\ Bus\ 3$
    31,                Q PV Bus 6,           $Q\ PV\ Bus\ 6$
    32,                Q PV Bus 8,           $Q\ PV\ Bus\ 8$
    33,                Q SW Bus 1,           $Q\ SW\ Bus\ 1$
    34,                P SW Bus 1,           $P\ SW\ Bus\ 1$
    35,                   P Bus 1,               $P\ Bus\ 1$
    36,                   P Bus 2,               $P\ Bus\ 2$
    37,                   P Bus 3,               $P\ Bus\ 3$
    38,                   P Bus 4,               $P\ Bus\ 4$
    39,                   P Bus 5,               $P\ Bus\ 5$
    40,                   P Bus 6,               $P\ Bus\ 6$
    41,                   P Bus 7,               $P\ Bus\ 7$
    42,                   P Bus 8,               $P\ Bus\ 8$
    43,                   P Bus 9,               $P\ Bus\ 9$
    44,                  P Bus 10,              $P\ Bus\ 10$
    45,                  P Bus 11,              $P\ Bus\ 11$
    46,                  P Bus 12,              $P\ Bus\ 12$
    47,                  P Bus 13,              $P\ Bus\ 13$
    48,                  P Bus 14,              $P\ Bus\ 14$
    49,                   Q Bus 1,               $Q\ Bus\ 1$
    50,                   Q Bus 2,               $Q\ Bus\ 2$
    51,                   Q Bus 3,               $Q\ Bus\ 3$
    52,                   Q Bus 4,               $Q\ Bus\ 4$
    53,                   Q Bus 5,               $Q\ Bus\ 5$
    54,                   Q Bus 6,               $Q\ Bus\ 6$
    55,                   Q Bus 7,               $Q\ Bus\ 7$
    56,                   Q Bus 8,               $Q\ Bus\ 8$
    57,                   Q Bus 9,               $Q\ Bus\ 9$
    58,                  Q Bus 10,              $Q\ Bus\ 10$
    59,                  Q Bus 11,              $Q\ Bus\ 11$
    60,                  Q Bus 12,              $Q\ Bus\ 12$
    61,                  Q Bus 13,              $Q\ Bus\ 13$
    62,                  Q Bus 14,              $Q\ Bus\ 14$
    63,                Pij Line 1,         $P_{ij}\ Line\ 1$
    64,                Pij Line 2,         $P_{ij}\ Line\ 2$
    65,                Pij Line 3,         $P_{ij}\ Line\ 3$
    66,                Pij Line 4,         $P_{ij}\ Line\ 4$
    67,                Pij Line 5,         $P_{ij}\ Line\ 5$
    68,                Pij Line 6,         $P_{ij}\ Line\ 6$
    69,                Pij Line 7,         $P_{ij}\ Line\ 7$
    70,                Pij Line 8,         $P_{ij}\ Line\ 8$
    71,                Pij Line 9,         $P_{ij}\ Line\ 9$
    72,               Pij Line 10,        $P_{ij}\ Line\ 10$
    73,               Pij Line 11,        $P_{ij}\ Line\ 11$
    74,               Pij Line 12,        $P_{ij}\ Line\ 12$
    75,               Pij Line 13,        $P_{ij}\ Line\ 13$
    76,               Pij Line 14,        $P_{ij}\ Line\ 14$
    77,               Pij Line 15,        $P_{ij}\ Line\ 15$
    78,               Pij Line 16,        $P_{ij}\ Line\ 16$
    79,               Pij Line 17,        $P_{ij}\ Line\ 17$
    80,               Pij Line 18,        $P_{ij}\ Line\ 18$
    81,               Pij Line 19,        $P_{ij}\ Line\ 19$
    82,               Pij Line 20,        $P_{ij}\ Line\ 20$
    83,                Pji Line 1,         $P_{ji}\ Line\ 1$
    84,                Pji Line 2,         $P_{ji}\ Line\ 2$
    85,                Pji Line 3,         $P_{ji}\ Line\ 3$
    86,                Pji Line 4,         $P_{ji}\ Line\ 4$
    87,                Pji Line 5,         $P_{ji}\ Line\ 5$
    88,                Pji Line 6,         $P_{ji}\ Line\ 6$
    89,                Pji Line 7,         $P_{ji}\ Line\ 7$
    90,                Pji Line 8,         $P_{ji}\ Line\ 8$
    91,                Pji Line 9,         $P_{ji}\ Line\ 9$
    92,               Pji Line 10,        $P_{ji}\ Line\ 10$
    93,               Pji Line 11,        $P_{ji}\ Line\ 11$
    94,               Pji Line 12,        $P_{ji}\ Line\ 12$
    95,               Pji Line 13,        $P_{ji}\ Line\ 13$
    96,               Pji Line 14,        $P_{ji}\ Line\ 14$
    97,               Pji Line 15,        $P_{ji}\ Line\ 15$
    98,               Pji Line 16,        $P_{ji}\ Line\ 16$
    99,               Pji Line 17,        $P_{ji}\ Line\ 17$
   100,               Pji Line 18,        $P_{ji}\ Line\ 18$
   101,               Pji Line 19,        $P_{ji}\ Line\ 19$
   102,               Pji Line 20,        $P_{ji}\ Line\ 20$
   103,                Qij Line 1,         $Q_{ij}\ Line\ 1$
   104,                Qij Line 2,         $Q_{ij}\ Line\ 2$
   105,                Qij Line 3,         $Q_{ij}\ Line\ 3$
   106,                Qij Line 4,         $Q_{ij}\ Line\ 4$
   107,                Qij Line 5,         $Q_{ij}\ Line\ 5$
   108,                Qij Line 6,         $Q_{ij}\ Line\ 6$
   109,                Qij Line 7,         $Q_{ij}\ Line\ 7$
   110,                Qij Line 8,         $Q_{ij}\ Line\ 8$
   111,                Qij Line 9,         $Q_{ij}\ Line\ 9$
   112,               Qij Line 10,        $Q_{ij}\ Line\ 10$
   113,               Qij Line 11,        $Q_{ij}\ Line\ 11$
   114,               Qij Line 12,        $Q_{ij}\ Line\ 12$
   115,               Qij Line 13,        $Q_{ij}\ Line\ 13$
   116,               Qij Line 14,        $Q_{ij}\ Line\ 14$
   117,               Qij Line 15,        $Q_{ij}\ Line\ 15$
   118,               Qij Line 16,        $Q_{ij}\ Line\ 16$
   119,               Qij Line 17,        $Q_{ij}\ Line\ 17$
   120,               Qij Line 18,        $Q_{ij}\ Line\ 18$
   121,               Qij Line 19,        $Q_{ij}\ Line\ 19$
   122,               Qij Line 20,        $Q_{ij}\ Line\ 20$
   123,                Qji Line 1,         $Q_{ji}\ Line\ 1$
   124,                Qji Line 2,         $Q_{ji}\ Line\ 2$
   125,                Qji Line 3,         $Q_{ji}\ Line\ 3$
   126,                Qji Line 4,         $Q_{ji}\ Line\ 4$
   127,                Qji Line 5,         $Q_{ji}\ Line\ 5$
   128,                Qji Line 6,         $Q_{ji}\ Line\ 6$
   129,                Qji Line 7,         $Q_{ji}\ Line\ 7$
   130,                Qji Line 8,         $Q_{ji}\ Line\ 8$
   131,                Qji Line 9,         $Q_{ji}\ Line\ 9$
   132,               Qji Line 10,        $Q_{ji}\ Line\ 10$
   133,               Qji Line 11,        $Q_{ji}\ Line\ 11$
   134,               Qji Line 12,        $Q_{ji}\ Line\ 12$
   135,               Qji Line 13,        $Q_{ji}\ Line\ 13$
   136,               Qji Line 14,        $Q_{ji}\ Line\ 14$
   137,               Qji Line 15,        $Q_{ji}\ Line\ 15$
   138,               Qji Line 16,        $Q_{ji}\ Line\ 16$
   139,               Qji Line 17,        $Q_{ji}\ Line\ 17$
   140,               Qji Line 18,        $Q_{ji}\ Line\ 18$
   141,               Qji Line 19,        $Q_{ji}\ Line\ 19$
   142,               Qji Line 20,        $Q_{ji}\ Line\ 20$
