     0,                  Time [s],               $Time\ [s]$
     1,              xt BusFreq 1,    $x_\theta\ BusFreq\ 1$
     2,               w BusFreq 1,      $\omega\ BusFreq\ 1$
     3,             xdw BusFreq 1,    $x_\omega\ BusFreq\ 1$
     4,              xt BusFreq 2,    $x_\theta\ BusFreq\ 2$
     5,               w BusFreq 2,      $\omega\ BusFreq\ 2$
     6,             xdw BusFreq 2,    $x_\omega\ BusFreq\ 2$
     7,              xt BusFreq 3,    $x_\theta\ BusFreq\ 3$
     8,               w BusFreq 3,      $\omega\ BusFreq\ 3$
     9,             xdw BusFreq 3,    $x_\omega\ BusFreq\ 3$
    10,              xt BusFreq 4,    $x_\theta\ BusFreq\ 4$
    11,               w BusFreq 4,      $\omega\ BusFreq\ 4$
    12,             xdw BusFreq 4,    $x_\omega\ BusFreq\ 4$
    13,              xt BusFreq 5,    $x_\theta\ BusFreq\ 5$
    14,               w BusFreq 5,      $\omega\ BusFreq\ 5$
    15,             xdw BusFreq 5,    $x_\omega\ BusFreq\ 5$
    16,              xt BusFreq 6,    $x_\theta\ BusFreq\ 6$
    17,               w BusFreq 6,      $\omega\ BusFreq\ 6$
    18,             xdw BusFreq 6,    $x_\omega\ BusFreq\ 6$
    19,              xt BusFreq 7,    $x_\theta\ BusFreq\ 7$
    20,               w BusFreq 7,      $\omega\ BusFreq\ 7$
    21,             xdw BusFreq 7,    $x_\omega\ BusFreq\ 7$
    22,              xt BusFreq 8,    $x_\theta\ BusFreq\ 8$
    23,               w BusFreq 8,      $\omega\ BusFreq\ 8$
    24,             xdw BusFreq 8,    $x_\omega\ BusFreq\ 8$
    25,              xt BusFreq 9,    $x_\theta\ BusFreq\ 9$
    26,               w BusFreq 9,      $\omega\ BusFreq\ 9$
    27,             xdw BusFreq 9,    $x_\omega\ BusFreq\ 9$
    28,             xt BusFreq 10,   $x_\theta\ BusFreq\ 10$
    29,              w BusFreq 10,     $\omega\ BusFreq\ 10$
    30,            xdw BusFreq 10,   $x_\omega\ BusFreq\ 10$
    31,             xt BusFreq 11,   $x_\theta\ BusFreq\ 11$
    32,              w BusFreq 11,     $\omega\ BusFreq\ 11$
    33,            xdw BusFreq 11,   $x_\omega\ BusFreq\ 11$
    34,             xt BusFreq 12,   $x_\theta\ BusFreq\ 12$
    35,              w BusFreq 12,     $\omega\ BusFreq\ 12$
    36,            xdw BusFreq 12,   $x_\omega\ BusFreq\ 12$
    37,             xt BusFreq 13,   $x_\theta\ BusFreq\ 13$
    38,              w BusFreq 13,     $\omega\ BusFreq\ 13$
    39,            xdw BusFreq 13,   $x_\omega\ BusFreq\ 13$
    40,             xt BusFreq 14,   $x_\theta\ BusFreq\ 14$
    41,              w BusFreq 14,     $\omega\ BusFreq\ 14$
    42,            xdw BusFreq 14,   $x_\omega\ BusFreq\ 14$
    43,               delta Syn 1,          $\delta\ Syn\ 1$
    44,               omega Syn 1,          $\omega\ Syn\ 1$
    45,                 e1d Syn 1,            $e'_d\ Syn\ 1$
    46,                 e1q Syn 1,            $e'_q\ Syn\ 1$
    47,                 e2d Syn 1,           $e''_d\ Syn\ 1$
    48,                 e2q Syn 1,           $e''_q\ Syn\ 1$
    49,               delta Syn 2,          $\delta\ Syn\ 2$
    50,               omega Syn 2,          $\omega\ Syn\ 2$
    51,                 e1d Syn 2,            $e'_d\ Syn\ 2$
    52,                 e1q Syn 2,            $e'_q\ Syn\ 2$
    53,                 e2d Syn 2,           $e''_d\ Syn\ 2$
    54,                 e2q Syn 2,           $e''_q\ Syn\ 2$
    55,               delta Syn 3,          $\delta\ Syn\ 3$
    56,               omega Syn 3,          $\omega\ Syn\ 3$
    57,                 e1d Syn 3,            $e'_d\ Syn\ 3$
    58,                 e1q Syn 3,            $e'_q\ Syn\ 3$
    59,                 e2d Syn 3,           $e''_d\ Syn\ 3$
    60,                 e2q Syn 3,           $e''_q\ Syn\ 3$
    61,               delta Syn 4,          $\delta\ Syn\ 4$
    62,               omega Syn 4,          $\omega\ Syn\ 4$
    63,                 e1d Syn 4,            $e'_d\ Syn\ 4$
    64,                 e1q Syn 4,            $e'_q\ Syn\ 4$
    65,                 e2d Syn 4,           $e''_d\ Syn\ 4$
    66,                 e2q Syn 4,           $e''_q\ Syn\ 4$
    67,               delta Syn 5,          $\delta\ Syn\ 5$
    68,               omega Syn 5,          $\omega\ Syn\ 5$
    69,                 e1d Syn 5,            $e'_d\ Syn\ 5$
    70,                 e1q Syn 5,            $e'_q\ Syn\ 5$
    71,                 e2d Syn 5,           $e''_d\ Syn\ 5$
    72,                 e2q Syn 5,           $e''_q\ Syn\ 5$
    73,                 xg1 TG1 1,          $x_{g1}\ TG1\ 1$
    74,                 xg2 TG1 1,          $x_{g2}\ TG1\ 1$
    75,                 xg3 TG1 1,          $x_{g3}\ TG1\ 1$
    76,                 xg1 TG1 2,          $x_{g1}\ TG1\ 2$
    77,                 xg2 TG1 2,          $x_{g2}\ TG1\ 2$
    78,                 xg3 TG1 2,          $x_{g3}\ TG1\ 2$
    79,                  vm AVR 1,           $v_{m}\ AVR\ 1$
    80,                 vr1 AVR 1,          $v_{r1}\ AVR\ 1$
    81,                 vr2 AVR 1,          $v_{r2}\ AVR\ 1$
    82,               vfout AVR 1,        $v_{fout}\ AVR\ 1$
    83,                  vm AVR 2,           $v_{m}\ AVR\ 2$
    84,                 vr1 AVR 2,          $v_{r1}\ AVR\ 2$
    85,                 vr2 AVR 2,          $v_{r2}\ AVR\ 2$
    86,               vfout AVR 2,        $v_{fout}\ AVR\ 2$
    87,                  vm AVR 3,           $v_{m}\ AVR\ 3$
    88,                 vr1 AVR 3,          $v_{r1}\ AVR\ 3$
    89,                 vr2 AVR 3,          $v_{r2}\ AVR\ 3$
    90,               vfout AVR 3,        $v_{fout}\ AVR\ 3$
    91,                  vm AVR 4,           $v_{m}\ AVR\ 4$
    92,                 vr1 AVR 4,          $v_{r1}\ AVR\ 4$
    93,                 vr2 AVR 4,          $v_{r2}\ AVR\ 4$
    94,               vfout AVR 4,        $v_{fout}\ AVR\ 4$
    95,                  vm AVR 5,           $v_{m}\ AVR\ 5$
    96,                 vr1 AVR 5,          $v_{r1}\ AVR\ 5$
    97,                 vr2 AVR 5,          $v_{r2}\ AVR\ 5$
    98,               vfout AVR 5,        $v_{fout}\ AVR\ 5$
    99,                   a Bus 1,          $\theta\ Bus\ 1$
   100,                   a Bus 2,          $\theta\ Bus\ 2$
   101,                   a Bus 3,          $\theta\ Bus\ 3$
   102,                   a Bus 4,          $\theta\ Bus\ 4$
   103,                   a Bus 5,          $\theta\ Bus\ 5$
   104,                   a Bus 6,          $\theta\ Bus\ 6$
   105,                   a Bus 7,          $\theta\ Bus\ 7$
   106,                   a Bus 8,          $\theta\ Bus\ 8$
   107,                   a Bus 9,          $\theta\ Bus\ 9$
   108,                  a Bus 10,         $\theta\ Bus\ 10$
   109,                  a Bus 11,         $\theta\ Bus\ 11$
   110,                  a Bus 12,         $\theta\ Bus\ 12$
   111,                  a Bus 13,         $\theta\ Bus\ 13$
   112,                  a Bus 14,         $\theta\ Bus\ 14$
   113,                   v Bus 1,               $V\ Bus\ 1$
   114,                   v Bus 2,               $V\ Bus\ 2$
   115,                   v Bus 3,               $V\ Bus\ 3$
   116,                   v Bus 4,               $V\ Bus\ 4$
   117,                   v Bus 5,               $V\ Bus\ 5$
   118,                   v Bus 6,               $V\ Bus\ 6$
   119,                   v Bus 7,               $V\ Bus\ 7$
   120,                   v Bus 8,               $V\ Bus\ 8$
   121,                   v Bus 9,               $V\ Bus\ 9$
   122,                  v Bus 10,              $V\ Bus\ 10$
   123,                  v Bus 11,              $V\ Bus\ 11$
   124,                  v Bus 12,              $V\ Bus\ 12$
   125,                  v Bus 13,              $V\ Bus\ 13$
   126,                  v Bus 14,              $V\ Bus\ 14$
   127,                Q PV Bus 2,           $Q\ PV\ Bus\ 2$
   128,                Q PV Bus 3,           $Q\ PV\ Bus\ 3$
   129,                Q PV Bus 6,           $Q\ PV\ Bus\ 6$
   130,                Q PV Bus 8,           $Q\ PV\ Bus\ 8$
   131,                Q SW Bus 1,           $Q\ SW\ Bus\ 1$
   132,                P SW Bus 1,           $P\ SW\ Bus\ 1$
   133,            dwdt BusFreq 1, $\frac{d\omega}{dt}\ BusF$
   134,            dwdt BusFreq 2, $\frac{d\omega}{dt}\ BusF$
   135,            dwdt BusFreq 3, $\frac{d\omega}{dt}\ BusF$
   136,            dwdt BusFreq 4, $\frac{d\omega}{dt}\ BusF$
   137,            dwdt BusFreq 5, $\frac{d\omega}{dt}\ BusF$
   138,            dwdt BusFreq 6, $\frac{d\omega}{dt}\ BusF$
   139,            dwdt BusFreq 7, $\frac{d\omega}{dt}\ BusF$
   140,            dwdt BusFreq 8, $\frac{d\omega}{dt}\ BusF$
   141,            dwdt BusFreq 9, $\frac{d\omega}{dt}\ BusF$
   142,           dwdt BusFreq 10, $\frac{d\omega}{dt}\ BusF$
   143,           dwdt BusFreq 11, $\frac{d\omega}{dt}\ BusF$
   144,           dwdt BusFreq 12, $\frac{d\omega}{dt}\ BusF$
   145,           dwdt BusFreq 13, $\frac{d\omega}{dt}\ BusF$
   146,           dwdt BusFreq 14, $\frac{d\omega}{dt}\ BusF$
   147,                   p Syn 1,               $P\ Syn\ 1$
   148,                   q Syn 1,               $Q\ Syn\ 1$
   149,                  pm Syn 1,             $P_m\ Syn\ 1$
   150,                  vf Syn 1,             $V_f\ Syn\ 1$
   151,                  Id Syn 1,             $I_d\ Syn\ 1$
   152,                  Iq Syn 1,             $I_q\ Syn\ 1$
   153,                  vd Syn 1,             $V_d\ Syn\ 1$
   154,                  vq Syn 1,             $V_q\ Syn\ 1$
   155,                psid Syn 1,          $\psi_d\ Syn\ 1$
   156,                psiq Syn 1,          $\psi_q\ Syn\ 1$
   157,                   p Syn 2,               $P\ Syn\ 2$
   158,                   q Syn 2,               $Q\ Syn\ 2$
   159,                  pm Syn 2,             $P_m\ Syn\ 2$
   160,                  vf Syn 2,             $V_f\ Syn\ 2$
   161,                  Id Syn 2,             $I_d\ Syn\ 2$
   162,                  Iq Syn 2,             $I_q\ Syn\ 2$
   163,                  vd Syn 2,             $V_d\ Syn\ 2$
   164,                  vq Syn 2,             $V_q\ Syn\ 2$
   165,                psid Syn 2,          $\psi_d\ Syn\ 2$
   166,                psiq Syn 2,          $\psi_q\ Syn\ 2$
   167,                   p Syn 3,               $P\ Syn\ 3$
   168,                   q Syn 3,               $Q\ Syn\ 3$
   169,                  pm Syn 3,             $P_m\ Syn\ 3$
   170,                  vf Syn 3,             $V_f\ Syn\ 3$
   171,                  Id Syn 3,             $I_d\ Syn\ 3$
   172,                  Iq Syn 3,             $I_q\ Syn\ 3$
   173,                  vd Syn 3,             $V_d\ Syn\ 3$
   174,                  vq Syn 3,             $V_q\ Syn\ 3$
   175,                psid Syn 3,          $\psi_d\ Syn\ 3$
   176,                psiq Syn 3,          $\psi_q\ Syn\ 3$
   177,                   p Syn 4,               $P\ Syn\ 4$
   178,                   q Syn 4,               $Q\ Syn\ 4$
   179,                  pm Syn 4,             $P_m\ Syn\ 4$
   180,                  vf Syn 4,             $V_f\ Syn\ 4$
   181,                  Id Syn 4,             $I_d\ Syn\ 4$
   182,                  Iq Syn 4,             $I_q\ Syn\ 4$
   183,                  vd Syn 4,             $V_d\ Syn\ 4$
   184,                  vq Syn 4,             $V_q\ Syn\ 4$
   185,                psid Syn 4,          $\psi_d\ Syn\ 4$
   186,                psiq Syn 4,          $\psi_q\ Syn\ 4$
   187,                   p Syn 5,               $P\ Syn\ 5$
   188,                   q Syn 5,               $Q\ Syn\ 5$
   189,                  pm Syn 5,             $P_m\ Syn\ 5$
   190,                  vf Syn 5,             $V_f\ Syn\ 5$
   191,                  Id Syn 5,             $I_d\ Syn\ 5$
   192,                  Iq Syn 5,             $I_q\ Syn\ 5$
   193,                  vd Syn 5,             $V_d\ Syn\ 5$
   194,                  vq Syn 5,             $V_q\ Syn\ 5$
   195,                psid Syn 5,          $\psi_d\ Syn\ 5$
   196,                psiq Syn 5,          $\psi_q\ Syn\ 5$
   197,                wref TG1 1,    $\omega_{ref}\ TG1\ 1$
   198,                pout TG1 1,         $P_{out}\ TG1\ 1$
   199,                 pin TG1 1,          $P_{in}\ TG1\ 1$
   200,                wref TG1 2,    $\omega_{ref}\ TG1\ 2$
   201,                pout TG1 2,         $P_{out}\ TG1\ 2$
   202,                 pin TG1 2,          $P_{in}\ TG1\ 2$
   203,                vref AVR 1,         $v_{ref}\ AVR\ 1$
   204,                vref AVR 2,         $v_{ref}\ AVR\ 2$
   205,                vref AVR 3,         $v_{ref}\ AVR\ 3$
   206,                vref AVR 4,         $v_{ref}\ AVR\ 4$
   207,                vref AVR 5,         $v_{ref}\ AVR\ 5$
   208,                   P Bus 1,               $P\ Bus\ 1$
   209,                   P Bus 2,               $P\ Bus\ 2$
   210,                   P Bus 3,               $P\ Bus\ 3$
   211,                   P Bus 4,               $P\ Bus\ 4$
   212,                   P Bus 5,               $P\ Bus\ 5$
   213,                   P Bus 6,               $P\ Bus\ 6$
   214,                   P Bus 7,               $P\ Bus\ 7$
   215,                   P Bus 8,               $P\ Bus\ 8$
   216,                   P Bus 9,               $P\ Bus\ 9$
   217,                  P Bus 10,              $P\ Bus\ 10$
   218,                  P Bus 11,              $P\ Bus\ 11$
   219,                  P Bus 12,              $P\ Bus\ 12$
   220,                  P Bus 13,              $P\ Bus\ 13$
   221,                  P Bus 14,              $P\ Bus\ 14$
   222,                   Q Bus 1,               $Q\ Bus\ 1$
   223,                   Q Bus 2,               $Q\ Bus\ 2$
   224,                   Q Bus 3,               $Q\ Bus\ 3$
   225,                   Q Bus 4,               $Q\ Bus\ 4$
   226,                   Q Bus 5,               $Q\ Bus\ 5$
   227,                   Q Bus 6,               $Q\ Bus\ 6$
   228,                   Q Bus 7,               $Q\ Bus\ 7$
   229,                   Q Bus 8,               $Q\ Bus\ 8$
   230,                   Q Bus 9,               $Q\ Bus\ 9$
   231,                  Q Bus 10,              $Q\ Bus\ 10$
   232,                  Q Bus 11,              $Q\ Bus\ 11$
   233,                  Q Bus 12,              $Q\ Bus\ 12$
   234,                  Q Bus 13,              $Q\ Bus\ 13$
   235,                  Q Bus 14,              $Q\ Bus\ 14$
   236,                Pij Line 1,         $P_{ij}\ Line\ 1$
   237,                Pij Line 2,         $P_{ij}\ Line\ 2$
   238,                Pij Line 3,         $P_{ij}\ Line\ 3$
   239,                Pij Line 4,         $P_{ij}\ Line\ 4$
   240,                Pij Line 5,         $P_{ij}\ Line\ 5$
   241,                Pij Line 6,         $P_{ij}\ Line\ 6$
   242,                Pij Line 7,         $P_{ij}\ Line\ 7$
   243,                Pij Line 8,         $P_{ij}\ Line\ 8$
   244,                Pij Line 9,         $P_{ij}\ Line\ 9$
   245,               Pij Line 10,        $P_{ij}\ Line\ 10$
   246,               Pij Line 11,        $P_{ij}\ Line\ 11$
   247,               Pij Line 12,        $P_{ij}\ Line\ 12$
   248,               Pij Line 13,        $P_{ij}\ Line\ 13$
   249,               Pij Line 14,        $P_{ij}\ Line\ 14$
   250,               Pij Line 15,        $P_{ij}\ Line\ 15$
   251,               Pij Line 16,        $P_{ij}\ Line\ 16$
   252,               Pij Line 17,        $P_{ij}\ Line\ 17$
   253,               Pij Line 18,        $P_{ij}\ Line\ 18$
   254,               Pij Line 19,        $P_{ij}\ Line\ 19$
   255,               Pij Line 20,        $P_{ij}\ Line\ 20$
   256,                Pji Line 1,         $P_{ji}\ Line\ 1$
   257,                Pji Line 2,         $P_{ji}\ Line\ 2$
   258,                Pji Line 3,         $P_{ji}\ Line\ 3$
   259,                Pji Line 4,         $P_{ji}\ Line\ 4$
   260,                Pji Line 5,         $P_{ji}\ Line\ 5$
   261,                Pji Line 6,         $P_{ji}\ Line\ 6$
   262,                Pji Line 7,         $P_{ji}\ Line\ 7$
   263,                Pji Line 8,         $P_{ji}\ Line\ 8$
   264,                Pji Line 9,         $P_{ji}\ Line\ 9$
   265,               Pji Line 10,        $P_{ji}\ Line\ 10$
   266,               Pji Line 11,        $P_{ji}\ Line\ 11$
   267,               Pji Line 12,        $P_{ji}\ Line\ 12$
   268,               Pji Line 13,        $P_{ji}\ Line\ 13$
   269,               Pji Line 14,        $P_{ji}\ Line\ 14$
   270,               Pji Line 15,        $P_{ji}\ Line\ 15$
   271,               Pji Line 16,        $P_{ji}\ Line\ 16$
   272,               Pji Line 17,        $P_{ji}\ Line\ 17$
   273,               Pji Line 18,        $P_{ji}\ Line\ 18$
   274,               Pji Line 19,        $P_{ji}\ Line\ 19$
   275,               Pji Line 20,        $P_{ji}\ Line\ 20$
   276,                Qij Line 1,         $Q_{ij}\ Line\ 1$
   277,                Qij Line 2,         $Q_{ij}\ Line\ 2$
   278,                Qij Line 3,         $Q_{ij}\ Line\ 3$
   279,                Qij Line 4,         $Q_{ij}\ Line\ 4$
   280,                Qij Line 5,         $Q_{ij}\ Line\ 5$
   281,                Qij Line 6,         $Q_{ij}\ Line\ 6$
   282,                Qij Line 7,         $Q_{ij}\ Line\ 7$
   283,                Qij Line 8,         $Q_{ij}\ Line\ 8$
   284,                Qij Line 9,         $Q_{ij}\ Line\ 9$
   285,               Qij Line 10,        $Q_{ij}\ Line\ 10$
   286,               Qij Line 11,        $Q_{ij}\ Line\ 11$
   287,               Qij Line 12,        $Q_{ij}\ Line\ 12$
   288,               Qij Line 13,        $Q_{ij}\ Line\ 13$
   289,               Qij Line 14,        $Q_{ij}\ Line\ 14$
   290,               Qij Line 15,        $Q_{ij}\ Line\ 15$
   291,               Qij Line 16,        $Q_{ij}\ Line\ 16$
   292,               Qij Line 17,        $Q_{ij}\ Line\ 17$
   293,               Qij Line 18,        $Q_{ij}\ Line\ 18$
   294,               Qij Line 19,        $Q_{ij}\ Line\ 19$
   295,               Qij Line 20,        $Q_{ij}\ Line\ 20$
   296,                Qji Line 1,         $Q_{ji}\ Line\ 1$
   297,                Qji Line 2,         $Q_{ji}\ Line\ 2$
   298,                Qji Line 3,         $Q_{ji}\ Line\ 3$
   299,                Qji Line 4,         $Q_{ji}\ Line\ 4$
   300,                Qji Line 5,         $Q_{ji}\ Line\ 5$
   301,                Qji Line 6,         $Q_{ji}\ Line\ 6$
   302,                Qji Line 7,         $Q_{ji}\ Line\ 7$
   303,                Qji Line 8,         $Q_{ji}\ Line\ 8$
   304,                Qji Line 9,         $Q_{ji}\ Line\ 9$
   305,               Qji Line 10,        $Q_{ji}\ Line\ 10$
   306,               Qji Line 11,        $Q_{ji}\ Line\ 11$
   307,               Qji Line 12,        $Q_{ji}\ Line\ 12$
   308,               Qji Line 13,        $Q_{ji}\ Line\ 13$
   309,               Qji Line 14,        $Q_{ji}\ Line\ 14$
   310,               Qji Line 15,        $Q_{ji}\ Line\ 15$
   311,               Qji Line 16,        $Q_{ji}\ Line\ 16$
   312,               Qji Line 17,        $Q_{ji}\ Line\ 17$
   313,               Qji Line 18,        $Q_{ji}\ Line\ 18$
   314,               Qji Line 19,        $Q_{ji}\ Line\ 19$
   315,               Qji Line 20,        $Q_{ji}\ Line\ 20$
